// Jest Snapshot v1, https://goo.gl/fbAQLP

exports[`DisclosureContainer should render the provided children 1`] = `
<ContextProvider
  value={
    DisclosureManagerDelegateInstance {
      "registerDismissCheck": [Function],
    }
  }
>
  <ApplicationLoadingOverlayProvider>
    <withPromptRegistration(UnsavedChangesPromptCheckpoint)>
      <ContentContainer
        fill={true}
        header={<NotificationBanners />}
      >
        <NotificationBannerProvider>
          <div>
            Test Child
          </div>
        </NotificationBannerProvider>
      </ContentContainer>
    </withPromptRegistration(UnsavedChangesPromptCheckpoint)>
  </ApplicationLoadingOverlayProvider>
</ContextProvider>
`;
